// Jest Snapshot v1, https://goo.gl/fbAQLP

exports[`getData getData should return correct data 1`] = `
[
  "1",
  "2",
  "3",
]
`;
